// Jest Snapshot v1, https://goo.gl/fbAQLP

exports[`Not found Tests Not found Render 1`] = `
<div
  className="overlay__not-found"
>
  <h1>
     Page not found 
  </h1>
</div>
`;
